// Jest Snapshot v1, https://goo.gl/fbAQLP

exports[`LightboxFooter all required props are passed correctly 1`] = `
<View
  style={Object {}}
>
  <Text
    accessible={true}
    allowFontScaling={true}
    disabled={false}
    ellipsizeMode="tail"
    style={
      Object {
        "color": "white",
        "fontSize": 16,
        "lineHeight": 16,
      }
    }
  >
    Shared in #mobile
  </Text>
  <View
    accessibilityComponentType={undefined}
    accessibilityLabel={undefined}
    accessibilityTraits={undefined}
    accessible={true}
    hasTVPreferredFocus={undefined}
    hitSlop={undefined}
    isTVSelectable={true}
    nativeID={undefined}
    onLayout={undefined}
    onResponderGrant={[Function]}
    onResponderMove={[Function]}
    onResponderRelease={[Function]}
    onResponderTerminate={[Function]}
    onResponderTerminationRequest={[Function]}
    onStartShouldSetResponder={[Function]}
    style={
      Array [
        Object {
          "backgroundColor": "transparent",
        },
        undefined,
      ]
    }
    testID={undefined}
    tvParallaxProperties={undefined}
  >
    <View>
      <View
        style={
          Object {
            "alignItems": "center",
            "height": 44,
            "justifyContent": "center",
            "width": 44,
          }
        }
      >
        <Text
          accessible={true}
          allowFontScaling={false}
          disabled={false}
          ellipsizeMode="tail"
          style={
            Array [
              Object {
                "color": "white",
                "fontSize": 12,
              },
              Array [
                Object {
                  "fontSize": 26,
                  "textAlign": "center",
                },
                Object {
                  "fontSize": 32,
                },
              ],
              Object {
                "fontFamily": "Ionicons",
                "fontStyle": "normal",
                "fontWeight": "normal",
              },
            ]
          }
        >
          ï‡ˆ
        </Text>
      </View>
    </View>
  </View>
</View>
`;
