// Jest Snapshot v1, https://goo.gl/fbAQLP

exports[`LightboxHeader all required props are passed correctly 1`] = `
<View
  style={
    Array [
      Object {
        "alignItems": "center",
        "backgroundColor": "white",
        "borderBottomWidth": 1,
        "borderColor": "rgba(127, 127, 127, 0.25)",
        "flexDirection": "row",
        "height": 64,
        "justifyContent": "space-between",
        "paddingTop": 20,
      },
      Object {
        "backgroundColor": "transparent",
        "borderBottomWidth": 0,
        "paddingTop": 0,
      },
    ]
  }
>
  <View
    style={
      Array [
        Object {
          "flex": 1,
          "flexDirection": "row",
          "flexWrap": "wrap",
          "justifyContent": "center",
        },
        Object {
          "justifyContent": "flex-start",
          "paddingRight": 10,
        },
      ]
    }
  >
    <View>
      <View
        accessibilityComponentType={undefined}
        accessibilityLabel={undefined}
        accessibilityTraits={undefined}
        accessible={true}
        hasTVPreferredFocus={undefined}
        hitSlop={undefined}
        isTVSelectable={true}
        nativeID={undefined}
        onLayout={undefined}
        onResponderGrant={[Function]}
        onResponderMove={[Function]}
        onResponderRelease={[Function]}
        onResponderTerminate={[Function]}
        onResponderTerminationRequest={[Function]}
        onStartShouldSetResponder={[Function]}
        style={
          Array [
            Object {
              "backgroundColor": "transparent",
            },
            Object {
              "height": 32,
              "width": 32,
            },
          ]
        }
        testID={undefined}
        tvParallaxProperties={undefined}
      >
        <View>
          <Image
            resizeMode="contain"
            source={
              Object {
                "uri": "https://example/tester.png",
              }
            }
            style={
              Object {
                "borderRadius": 4,
                "height": 32,
                "width": 32,
              }
            }
          />
        </View>
      </View>
    </View>
    <View
      style={
        Object {
          "justifyContent": "space-around",
          "paddingBottom": 2,
          "paddingLeft": 10,
          "paddingTop": 2,
        }
      }
    >
      <Text
        accessible={true}
        allowFontScaling={true}
        disabled={false}
        ellipsizeMode="tail"
        numberOfLines={1}
        style={
          Array [
            Object {
              "flex": 1,
              "fontSize": 16,
              "fontWeight": "bold",
              "lineHeight": 16,
            },
            Object {
              "color": "white",
              "fontSize": 14,
              "lineHeight": 14,
            },
          ]
        }
      >
        tester
      </Text>
      <Text
        accessible={true}
        allowFontScaling={true}
        disabled={false}
        ellipsizeMode="tail"
        numberOfLines={1}
        style={
          Object {
            "color": "white",
            "fontSize": 12,
            "lineHeight": 12,
          }
        }
      >
        Today at 5:00 PM
      </Text>
    </View>
  </View>
  <View
    accessibilityComponentType={undefined}
    accessibilityLabel={undefined}
    accessibilityTraits={undefined}
    accessible={true}
    hasTVPreferredFocus={undefined}
    hitSlop={undefined}
    isTVSelectable={true}
    nativeID={undefined}
    onLayout={undefined}
    onResponderGrant={[Function]}
    onResponderMove={[Function]}
    onResponderRelease={[Function]}
    onResponderTerminate={[Function]}
    onResponderTerminationRequest={[Function]}
    onStartShouldSetResponder={[Function]}
    style={
      Array [
        Object {
          "backgroundColor": "transparent",
        },
        undefined,
      ]
    }
    testID={undefined}
    tvParallaxProperties={undefined}
  >
    <View>
      <View
        style={
          Object {
            "alignItems": "center",
            "height": 44,
            "justifyContent": "center",
            "width": 44,
          }
        }
      >
        <Text
          accessible={true}
          allowFontScaling={false}
          disabled={false}
          ellipsizeMode="tail"
          style={
            Array [
              Object {
                "color": "white",
                "fontSize": 12,
              },
              Array [
                Object {
                  "fontSize": 26,
                  "textAlign": "center",
                },
                Object {
                  "fontSize": 36,
                },
              ],
              Object {
                "fontFamily": "Ionicons",
                "fontStyle": "normal",
                "fontWeight": "normal",
              },
            ]
          }
        >
          ÔêÜ
        </Text>
      </View>
    </View>
  </View>
</View>
`;
