exports[`test renders correctly 1`] = `
<View
  style={
    Array [
      undefined,
      Object {
        "alignItems": "stretch",
        "alignSelf": "stretch",
        "borderRadius": 5,
        "flex": 1,
        "height": 44,
        "justifyContent": "center",
        "marginBottom": 10,
      },
      Object {
        "backgroundColor": "#22693F",
      },
    ]
  }>
  <View
    accessibilityComponentType={undefined}
    accessibilityLabel={undefined}
    accessibilityTraits={undefined}
    accessible={true}
    hitSlop={undefined}
    onLayout={undefined}
    onResponderGrant={[Function]}
    onResponderMove={[Function]}
    onResponderRelease={[Function]}
    onResponderTerminate={[Function]}
    onResponderTerminationRequest={[Function]}
    onStartShouldSetResponder={[Function]}
    style={
      Array [
        Object {
          "backgroundColor": "transparent",
        },
        Object {
          "alignItems": "center",
          "alignSelf": "stretch",
          "flex": 1,
          "justifyContent": "center",
        },
      ]
    }
    testID={undefined}>
    <Text
      accessible={true}
      allowFontScaling={true}
      ellipsizeMode="tail"
      style={
        Array [
          Object {
            "color": "#FFFFFF",
          },
          undefined,
        ]
      } />
  </View>
</View>
`;
