exports[`test renders correctly 1`] = `
<View
  style={
    Array [
      undefined,
      Object {
        "alignItems": "center",
        "alignSelf": "stretch",
        "borderRadius": 5,
        "height": 44,
        "justifyContent": "center",
        "marginBottom": 10
      },
      Object {
        "backgroundColor": "#22693F"
      }
    ]
  }>
  <View
    accessibilityComponentType={undefined}
    accessibilityLabel={undefined}
    accessibilityTraits={undefined}
    accessible={true}
    hitSlop={undefined}
    onLayout={undefined}
    onResponderGrant={[Function bound touchableHandleResponderGrant]}
    onResponderMove={[Function bound touchableHandleResponderMove]}
    onResponderRelease={[Function bound touchableHandleResponderRelease]}
    onResponderTerminate={[Function bound touchableHandleResponderTerminate]}
    onResponderTerminationRequest={[Function bound touchableHandleResponderTerminationRequest]}
    onStartShouldSetResponder={[Function bound touchableHandleStartShouldSetResponder]}
    style={
      Array [
        Object {
          "backgroundColor": "transparent"
        },
        Object {
          "alignItems": "center",
          "alignSelf": "stretch",
          "flex": 1,
          "justifyContent": "center"
        }
      ]
    }
    testID={undefined}>
    <Text
      accessible={true}
      allowFontScaling={true}
      ellipsizeMode="tail"
      style={
        Array [
          Object {
            "color": "#FFFFFF"
          },
          undefined
        ]
      } />
  </View>
</View>
`;
